<!doctype html public "-//w3c//dtd html 4.0 transitional//en">
<html><head>
<title>Static Call Graph - [.\Objects\ROBOT.axf]</title></head>
<body><HR>
<H1>Static Call Graph for image .\Objects\ROBOT.axf</H1><HR>
<BR><P>#&#060CALLGRAPH&#062# ARM Linker, 5060750: Last Updated: Sat Jan 06 15:55:36 2024
<BR><P>
<H3>Maximum Stack Usage =          0 bytes + Unknown(Functions without stacksize, Cycles, Untraceable Function Pointers)</H3><H3>
Call chain for Maximum Stack Depth:</H3>

<P>
<H3>
Functions with no stack information
</H3><UL>
 <LI><a href="#[17]">MOTEUR_INIT</a>
 <LI><a href="#[19]">MOTEUR_DROIT_ON</a>
 <LI><a href="#[1a]">MOTEUR_DROIT_OFF</a>
 <LI><a href="#[1b]">MOTEUR_GAUCHE_ON</a>
 <LI><a href="#[1c]">MOTEUR_GAUCHE_OFF</a>
 <LI><a href="#[1d]">MOTEUR_DROIT_ARRIERE</a>
 <LI><a href="#[1e]">MOTEUR_DROIT_AVANT</a>
 <LI><a href="#[1f]">MOTEUR_GAUCHE_ARRIERE</a>
 <LI><a href="#[20]">MOTEUR_GAUCHE_AVANT</a>
 <LI><a href="#[21]">MOTEUR_DROIT_INVERSE</a>
 <LI><a href="#[22]">MOTEUR_GAUCHE_INVERSE</a>
 <LI><a href="#[23]">DISTANCE</a>
 <LI><a href="#[24]">Reset_Handlerone</a>
 <LI><a href="#[18]">__main</a>
 <LI><a href="#[9]">SysTick_Handler</a>
</UL>
</UL>
<P>
<H3>
Mutually Recursive functions
</H3> <LI><a href="#[1]">NMI_Handler</a>&nbsp;&nbsp;&nbsp;&rArr;&nbsp;&nbsp;&nbsp;<a href="#[1]">NMI_Handler</a><BR>
 <LI><a href="#[2]">HardFault_Handler</a>&nbsp;&nbsp;&nbsp;&rArr;&nbsp;&nbsp;&nbsp;<a href="#[2]">HardFault_Handler</a><BR>
 <LI><a href="#[3]">MemManage_Handler</a>&nbsp;&nbsp;&nbsp;&rArr;&nbsp;&nbsp;&nbsp;<a href="#[3]">MemManage_Handler</a><BR>
 <LI><a href="#[4]">BusFault_Handler</a>&nbsp;&nbsp;&nbsp;&rArr;&nbsp;&nbsp;&nbsp;<a href="#[4]">BusFault_Handler</a><BR>
 <LI><a href="#[5]">UsageFault_Handler</a>&nbsp;&nbsp;&nbsp;&rArr;&nbsp;&nbsp;&nbsp;<a href="#[5]">UsageFault_Handler</a><BR>
 <LI><a href="#[6]">SVC_Handler</a>&nbsp;&nbsp;&nbsp;&rArr;&nbsp;&nbsp;&nbsp;<a href="#[6]">SVC_Handler</a><BR>
 <LI><a href="#[7]">DebugMon_Handler</a>&nbsp;&nbsp;&nbsp;&rArr;&nbsp;&nbsp;&nbsp;<a href="#[7]">DebugMon_Handler</a><BR>
 <LI><a href="#[8]">PendSV_Handler</a>&nbsp;&nbsp;&nbsp;&rArr;&nbsp;&nbsp;&nbsp;<a href="#[8]">PendSV_Handler</a><BR>
 <LI><a href="#[a]">Interrupt0_Handler</a>&nbsp;&nbsp;&nbsp;&rArr;&nbsp;&nbsp;&nbsp;<a href="#[a]">Interrupt0_Handler</a><BR>
 <LI><a href="#[b]">Interrupt1_Handler</a>&nbsp;&nbsp;&nbsp;&rArr;&nbsp;&nbsp;&nbsp;<a href="#[b]">Interrupt1_Handler</a><BR>
 <LI><a href="#[c]">Interrupt2_Handler</a>&nbsp;&nbsp;&nbsp;&rArr;&nbsp;&nbsp;&nbsp;<a href="#[c]">Interrupt2_Handler</a><BR>
 <LI><a href="#[d]">Interrupt3_Handler</a>&nbsp;&nbsp;&nbsp;&rArr;&nbsp;&nbsp;&nbsp;<a href="#[d]">Interrupt3_Handler</a><BR>
 <LI><a href="#[e]">Interrupt4_Handler</a>&nbsp;&nbsp;&nbsp;&rArr;&nbsp;&nbsp;&nbsp;<a href="#[e]">Interrupt4_Handler</a><BR>
 <LI><a href="#[f]">Interrupt5_Handler</a>&nbsp;&nbsp;&nbsp;&rArr;&nbsp;&nbsp;&nbsp;<a href="#[f]">Interrupt5_Handler</a><BR>
 <LI><a href="#[10]">Interrupt6_Handler</a>&nbsp;&nbsp;&nbsp;&rArr;&nbsp;&nbsp;&nbsp;<a href="#[10]">Interrupt6_Handler</a><BR>
 <LI><a href="#[11]">Interrupt7_Handler</a>&nbsp;&nbsp;&nbsp;&rArr;&nbsp;&nbsp;&nbsp;<a href="#[11]">Interrupt7_Handler</a><BR>
 <LI><a href="#[12]">Interrupt8_Handler</a>&nbsp;&nbsp;&nbsp;&rArr;&nbsp;&nbsp;&nbsp;<a href="#[12]">Interrupt8_Handler</a><BR>
 <LI><a href="#[13]">Interrupt9_Handler</a>&nbsp;&nbsp;&nbsp;&rArr;&nbsp;&nbsp;&nbsp;<a href="#[13]">Interrupt9_Handler</a><BR>
</UL>
<P>
<H3>
Function Pointers
</H3><UL>
 <LI><a href="#[4]">BusFault_Handler</a> from startup_armcm3.o(.text) referenced from startup_armcm3.o(RESET)
 <LI><a href="#[7]">DebugMon_Handler</a> from startup_armcm3.o(.text) referenced from startup_armcm3.o(RESET)
 <LI><a href="#[2]">HardFault_Handler</a> from startup_armcm3.o(.text) referenced from startup_armcm3.o(RESET)
 <LI><a href="#[a]">Interrupt0_Handler</a> from startup_armcm3.o(.text) referenced from startup_armcm3.o(RESET)
 <LI><a href="#[b]">Interrupt1_Handler</a> from startup_armcm3.o(.text) referenced from startup_armcm3.o(RESET)
 <LI><a href="#[c]">Interrupt2_Handler</a> from startup_armcm3.o(.text) referenced from startup_armcm3.o(RESET)
 <LI><a href="#[d]">Interrupt3_Handler</a> from startup_armcm3.o(.text) referenced from startup_armcm3.o(RESET)
 <LI><a href="#[e]">Interrupt4_Handler</a> from startup_armcm3.o(.text) referenced from startup_armcm3.o(RESET)
 <LI><a href="#[f]">Interrupt5_Handler</a> from startup_armcm3.o(.text) referenced from startup_armcm3.o(RESET)
 <LI><a href="#[10]">Interrupt6_Handler</a> from startup_armcm3.o(.text) referenced from startup_armcm3.o(RESET)
 <LI><a href="#[11]">Interrupt7_Handler</a> from startup_armcm3.o(.text) referenced from startup_armcm3.o(RESET)
 <LI><a href="#[12]">Interrupt8_Handler</a> from startup_armcm3.o(.text) referenced from startup_armcm3.o(RESET)
 <LI><a href="#[13]">Interrupt9_Handler</a> from startup_armcm3.o(.text) referenced from startup_armcm3.o(RESET)
 <LI><a href="#[3]">MemManage_Handler</a> from startup_armcm3.o(.text) referenced from startup_armcm3.o(RESET)
 <LI><a href="#[1]">NMI_Handler</a> from startup_armcm3.o(.text) referenced from startup_armcm3.o(RESET)
 <LI><a href="#[8]">PendSV_Handler</a> from startup_armcm3.o(.text) referenced from startup_armcm3.o(RESET)
 <LI><a href="#[16]">Reset_Handler</a> from startup_armcm3.o(.text) referenced from startup_armcm3.o(RESET)
 <LI><a href="#[6]">SVC_Handler</a> from startup_armcm3.o(.text) referenced from startup_armcm3.o(RESET)
 <LI><a href="#[9]">SysTick_Handler</a> from startup_armcm3.o(.text) referenced from startup_armcm3.o(RESET)
 <LI><a href="#[14]">SystemInit</a> from system_armcm3.o(i.SystemInit) referenced from startup_armcm3.o(.text)
 <LI><a href="#[5]">UsageFault_Handler</a> from startup_armcm3.o(.text) referenced from startup_armcm3.o(RESET)
 <LI><a href="#[18]">__main</a> from rk_priseenmain_moteurs.o(.text) referenced from startup_armcm3.o(.text)
</UL>
<P>
<H3>
Global Symbols
</H3>
<P><STRONG><a name="[17]"></a>MOTEUR_INIT</STRONG> (Thumb, 0 bytes, Stack size unknown bytes, rk_config_moteur.o(.text))
<BR><BR>[Called By]<UL><LI><a href="#[18]">&gt;&gt;</a>&nbsp;&nbsp;&nbsp;__main
</UL>

<P><STRONG><a name="[19]"></a>MOTEUR_DROIT_ON</STRONG> (Thumb, 0 bytes, Stack size unknown bytes, rk_config_moteur.o(.text))
<BR><BR>[Called By]<UL><LI><a href="#[18]">&gt;&gt;</a>&nbsp;&nbsp;&nbsp;__main
</UL>

<P><STRONG><a name="[1a]"></a>MOTEUR_DROIT_OFF</STRONG> (Thumb, 0 bytes, Stack size unknown bytes, rk_config_moteur.o(.text))
<BR><BR>[Called By]<UL><LI><a href="#[18]">&gt;&gt;</a>&nbsp;&nbsp;&nbsp;__main
</UL>

<P><STRONG><a name="[1b]"></a>MOTEUR_GAUCHE_ON</STRONG> (Thumb, 0 bytes, Stack size unknown bytes, rk_config_moteur.o(.text))
<BR><BR>[Called By]<UL><LI><a href="#[18]">&gt;&gt;</a>&nbsp;&nbsp;&nbsp;__main
</UL>

<P><STRONG><a name="[1c]"></a>MOTEUR_GAUCHE_OFF</STRONG> (Thumb, 0 bytes, Stack size unknown bytes, rk_config_moteur.o(.text))
<BR><BR>[Called By]<UL><LI><a href="#[18]">&gt;&gt;</a>&nbsp;&nbsp;&nbsp;__main
</UL>

<P><STRONG><a name="[1d]"></a>MOTEUR_DROIT_ARRIERE</STRONG> (Thumb, 0 bytes, Stack size unknown bytes, rk_config_moteur.o(.text))
<BR><BR>[Called By]<UL><LI><a href="#[18]">&gt;&gt;</a>&nbsp;&nbsp;&nbsp;__main
</UL>

<P><STRONG><a name="[1e]"></a>MOTEUR_DROIT_AVANT</STRONG> (Thumb, 0 bytes, Stack size unknown bytes, rk_config_moteur.o(.text))
<BR><BR>[Called By]<UL><LI><a href="#[18]">&gt;&gt;</a>&nbsp;&nbsp;&nbsp;__main
</UL>

<P><STRONG><a name="[1f]"></a>MOTEUR_GAUCHE_ARRIERE</STRONG> (Thumb, 0 bytes, Stack size unknown bytes, rk_config_moteur.o(.text))
<BR><BR>[Called By]<UL><LI><a href="#[18]">&gt;&gt;</a>&nbsp;&nbsp;&nbsp;__main
</UL>

<P><STRONG><a name="[20]"></a>MOTEUR_GAUCHE_AVANT</STRONG> (Thumb, 0 bytes, Stack size unknown bytes, rk_config_moteur.o(.text))
<BR><BR>[Called By]<UL><LI><a href="#[18]">&gt;&gt;</a>&nbsp;&nbsp;&nbsp;__main
</UL>

<P><STRONG><a name="[21]"></a>MOTEUR_DROIT_INVERSE</STRONG> (Thumb, 0 bytes, Stack size unknown bytes, rk_config_moteur.o(.text), UNUSED, KEPT)

<P><STRONG><a name="[22]"></a>MOTEUR_GAUCHE_INVERSE</STRONG> (Thumb, 0 bytes, Stack size unknown bytes, rk_config_moteur.o(.text), UNUSED, KEPT)

<P><STRONG><a name="[23]"></a>DISTANCE</STRONG> (Thumb, 0 bytes, Stack size unknown bytes, rk_config_moteur.o(.text))
<BR><BR>[Called By]<UL><LI><a href="#[18]">&gt;&gt;</a>&nbsp;&nbsp;&nbsp;__main
</UL>

<P><STRONG><a name="[24]"></a>Reset_Handlerone</STRONG> (Thumb, 0 bytes, Stack size unknown bytes, rk_config_moteur.o(.text), UNUSED, KEPT)

<P><STRONG><a name="[18]"></a>__main</STRONG> (Thumb, 0 bytes, Stack size unknown bytes, rk_priseenmain_moteurs.o(.text))
<BR><BR>[Calls]<UL><LI><a href="#[23]">&gt;&gt;</a>&nbsp;&nbsp;&nbsp;DISTANCE
<LI><a href="#[20]">&gt;&gt;</a>&nbsp;&nbsp;&nbsp;MOTEUR_GAUCHE_AVANT
<LI><a href="#[1f]">&gt;&gt;</a>&nbsp;&nbsp;&nbsp;MOTEUR_GAUCHE_ARRIERE
<LI><a href="#[1e]">&gt;&gt;</a>&nbsp;&nbsp;&nbsp;MOTEUR_DROIT_AVANT
<LI><a href="#[1d]">&gt;&gt;</a>&nbsp;&nbsp;&nbsp;MOTEUR_DROIT_ARRIERE
<LI><a href="#[1c]">&gt;&gt;</a>&nbsp;&nbsp;&nbsp;MOTEUR_GAUCHE_OFF
<LI><a href="#[1b]">&gt;&gt;</a>&nbsp;&nbsp;&nbsp;MOTEUR_GAUCHE_ON
<LI><a href="#[1a]">&gt;&gt;</a>&nbsp;&nbsp;&nbsp;MOTEUR_DROIT_OFF
<LI><a href="#[19]">&gt;&gt;</a>&nbsp;&nbsp;&nbsp;MOTEUR_DROIT_ON
<LI><a href="#[17]">&gt;&gt;</a>&nbsp;&nbsp;&nbsp;MOTEUR_INIT
</UL>

<P><STRONG><a name="[16]"></a>Reset_Handler</STRONG> (Thumb, 58 bytes, Stack size 0 bytes, startup_armcm3.o(.text))

<P><STRONG><a name="[1]"></a>NMI_Handler</STRONG> (Thumb, 2 bytes, Stack size 0 bytes, startup_armcm3.o(.text))
<BR><BR>[Calls]<UL><LI><a href="#[1]">&gt;&gt;</a>&nbsp;&nbsp;&nbsp;NMI_Handler
</UL>
<BR>[Called By]<UL><LI><a href="#[1]">&gt;&gt;</a>&nbsp;&nbsp;&nbsp;NMI_Handler
</UL>
<BR>[Address Reference Count : 1]<UL><LI> startup_armcm3.o(RESET)
</UL>
<P><STRONG><a name="[2]"></a>HardFault_Handler</STRONG> (Thumb, 2 bytes, Stack size 0 bytes, startup_armcm3.o(.text))
<BR><BR>[Calls]<UL><LI><a href="#[2]">&gt;&gt;</a>&nbsp;&nbsp;&nbsp;HardFault_Handler
</UL>
<BR>[Called By]<UL><LI><a href="#[2]">&gt;&gt;</a>&nbsp;&nbsp;&nbsp;HardFault_Handler
</UL>
<BR>[Address Reference Count : 1]<UL><LI> startup_armcm3.o(RESET)
</UL>
<P><STRONG><a name="[3]"></a>MemManage_Handler</STRONG> (Thumb, 2 bytes, Stack size 0 bytes, startup_armcm3.o(.text))
<BR><BR>[Calls]<UL><LI><a href="#[3]">&gt;&gt;</a>&nbsp;&nbsp;&nbsp;MemManage_Handler
</UL>
<BR>[Called By]<UL><LI><a href="#[3]">&gt;&gt;</a>&nbsp;&nbsp;&nbsp;MemManage_Handler
</UL>
<BR>[Address Reference Count : 1]<UL><LI> startup_armcm3.o(RESET)
</UL>
<P><STRONG><a name="[4]"></a>BusFault_Handler</STRONG> (Thumb, 2 bytes, Stack size 0 bytes, startup_armcm3.o(.text))
<BR><BR>[Calls]<UL><LI><a href="#[4]">&gt;&gt;</a>&nbsp;&nbsp;&nbsp;BusFault_Handler
</UL>
<BR>[Called By]<UL><LI><a href="#[4]">&gt;&gt;</a>&nbsp;&nbsp;&nbsp;BusFault_Handler
</UL>
<BR>[Address Reference Count : 1]<UL><LI> startup_armcm3.o(RESET)
</UL>
<P><STRONG><a name="[5]"></a>UsageFault_Handler</STRONG> (Thumb, 2 bytes, Stack size 0 bytes, startup_armcm3.o(.text))
<BR><BR>[Calls]<UL><LI><a href="#[5]">&gt;&gt;</a>&nbsp;&nbsp;&nbsp;UsageFault_Handler
</UL>
<BR>[Called By]<UL><LI><a href="#[5]">&gt;&gt;</a>&nbsp;&nbsp;&nbsp;UsageFault_Handler
</UL>
<BR>[Address Reference Count : 1]<UL><LI> startup_armcm3.o(RESET)
</UL>
<P><STRONG><a name="[6]"></a>SVC_Handler</STRONG> (Thumb, 2 bytes, Stack size 0 bytes, startup_armcm3.o(.text))
<BR><BR>[Calls]<UL><LI><a href="#[6]">&gt;&gt;</a>&nbsp;&nbsp;&nbsp;SVC_Handler
</UL>
<BR>[Called By]<UL><LI><a href="#[6]">&gt;&gt;</a>&nbsp;&nbsp;&nbsp;SVC_Handler
</UL>
<BR>[Address Reference Count : 1]<UL><LI> startup_armcm3.o(RESET)
</UL>
<P><STRONG><a name="[7]"></a>DebugMon_Handler</STRONG> (Thumb, 2 bytes, Stack size 0 bytes, startup_armcm3.o(.text))
<BR><BR>[Calls]<UL><LI><a href="#[7]">&gt;&gt;</a>&nbsp;&nbsp;&nbsp;DebugMon_Handler
</UL>
<BR>[Called By]<UL><LI><a href="#[7]">&gt;&gt;</a>&nbsp;&nbsp;&nbsp;DebugMon_Handler
</UL>
<BR>[Address Reference Count : 1]<UL><LI> startup_armcm3.o(RESET)
</UL>
<P><STRONG><a name="[8]"></a>PendSV_Handler</STRONG> (Thumb, 2 bytes, Stack size 0 bytes, startup_armcm3.o(.text))
<BR><BR>[Calls]<UL><LI><a href="#[8]">&gt;&gt;</a>&nbsp;&nbsp;&nbsp;PendSV_Handler
</UL>
<BR>[Called By]<UL><LI><a href="#[8]">&gt;&gt;</a>&nbsp;&nbsp;&nbsp;PendSV_Handler
</UL>
<BR>[Address Reference Count : 1]<UL><LI> startup_armcm3.o(RESET)
</UL>
<P><STRONG><a name="[a]"></a>Interrupt0_Handler</STRONG> (Thumb, 2 bytes, Stack size 0 bytes, startup_armcm3.o(.text))
<BR><BR>[Calls]<UL><LI><a href="#[a]">&gt;&gt;</a>&nbsp;&nbsp;&nbsp;Interrupt0_Handler
</UL>
<BR>[Called By]<UL><LI><a href="#[a]">&gt;&gt;</a>&nbsp;&nbsp;&nbsp;Interrupt0_Handler
</UL>
<BR>[Address Reference Count : 1]<UL><LI> startup_armcm3.o(RESET)
</UL>
<P><STRONG><a name="[b]"></a>Interrupt1_Handler</STRONG> (Thumb, 2 bytes, Stack size 0 bytes, startup_armcm3.o(.text))
<BR><BR>[Calls]<UL><LI><a href="#[b]">&gt;&gt;</a>&nbsp;&nbsp;&nbsp;Interrupt1_Handler
</UL>
<BR>[Called By]<UL><LI><a href="#[b]">&gt;&gt;</a>&nbsp;&nbsp;&nbsp;Interrupt1_Handler
</UL>
<BR>[Address Reference Count : 1]<UL><LI> startup_armcm3.o(RESET)
</UL>
<P><STRONG><a name="[c]"></a>Interrupt2_Handler</STRONG> (Thumb, 2 bytes, Stack size 0 bytes, startup_armcm3.o(.text))
<BR><BR>[Calls]<UL><LI><a href="#[c]">&gt;&gt;</a>&nbsp;&nbsp;&nbsp;Interrupt2_Handler
</UL>
<BR>[Called By]<UL><LI><a href="#[c]">&gt;&gt;</a>&nbsp;&nbsp;&nbsp;Interrupt2_Handler
</UL>
<BR>[Address Reference Count : 1]<UL><LI> startup_armcm3.o(RESET)
</UL>
<P><STRONG><a name="[d]"></a>Interrupt3_Handler</STRONG> (Thumb, 2 bytes, Stack size 0 bytes, startup_armcm3.o(.text))
<BR><BR>[Calls]<UL><LI><a href="#[d]">&gt;&gt;</a>&nbsp;&nbsp;&nbsp;Interrupt3_Handler
</UL>
<BR>[Called By]<UL><LI><a href="#[d]">&gt;&gt;</a>&nbsp;&nbsp;&nbsp;Interrupt3_Handler
</UL>
<BR>[Address Reference Count : 1]<UL><LI> startup_armcm3.o(RESET)
</UL>
<P><STRONG><a name="[e]"></a>Interrupt4_Handler</STRONG> (Thumb, 2 bytes, Stack size 0 bytes, startup_armcm3.o(.text))
<BR><BR>[Calls]<UL><LI><a href="#[e]">&gt;&gt;</a>&nbsp;&nbsp;&nbsp;Interrupt4_Handler
</UL>
<BR>[Called By]<UL><LI><a href="#[e]">&gt;&gt;</a>&nbsp;&nbsp;&nbsp;Interrupt4_Handler
</UL>
<BR>[Address Reference Count : 1]<UL><LI> startup_armcm3.o(RESET)
</UL>
<P><STRONG><a name="[f]"></a>Interrupt5_Handler</STRONG> (Thumb, 2 bytes, Stack size 0 bytes, startup_armcm3.o(.text))
<BR><BR>[Calls]<UL><LI><a href="#[f]">&gt;&gt;</a>&nbsp;&nbsp;&nbsp;Interrupt5_Handler
</UL>
<BR>[Called By]<UL><LI><a href="#[f]">&gt;&gt;</a>&nbsp;&nbsp;&nbsp;Interrupt5_Handler
</UL>
<BR>[Address Reference Count : 1]<UL><LI> startup_armcm3.o(RESET)
</UL>
<P><STRONG><a name="[10]"></a>Interrupt6_Handler</STRONG> (Thumb, 2 bytes, Stack size 0 bytes, startup_armcm3.o(.text))
<BR><BR>[Calls]<UL><LI><a href="#[10]">&gt;&gt;</a>&nbsp;&nbsp;&nbsp;Interrupt6_Handler
</UL>
<BR>[Called By]<UL><LI><a href="#[10]">&gt;&gt;</a>&nbsp;&nbsp;&nbsp;Interrupt6_Handler
</UL>
<BR>[Address Reference Count : 1]<UL><LI> startup_armcm3.o(RESET)
</UL>
<P><STRONG><a name="[11]"></a>Interrupt7_Handler</STRONG> (Thumb, 2 bytes, Stack size 0 bytes, startup_armcm3.o(.text))
<BR><BR>[Calls]<UL><LI><a href="#[11]">&gt;&gt;</a>&nbsp;&nbsp;&nbsp;Interrupt7_Handler
</UL>
<BR>[Called By]<UL><LI><a href="#[11]">&gt;&gt;</a>&nbsp;&nbsp;&nbsp;Interrupt7_Handler
</UL>
<BR>[Address Reference Count : 1]<UL><LI> startup_armcm3.o(RESET)
</UL>
<P><STRONG><a name="[12]"></a>Interrupt8_Handler</STRONG> (Thumb, 2 bytes, Stack size 0 bytes, startup_armcm3.o(.text))
<BR><BR>[Calls]<UL><LI><a href="#[12]">&gt;&gt;</a>&nbsp;&nbsp;&nbsp;Interrupt8_Handler
</UL>
<BR>[Called By]<UL><LI><a href="#[12]">&gt;&gt;</a>&nbsp;&nbsp;&nbsp;Interrupt8_Handler
</UL>
<BR>[Address Reference Count : 1]<UL><LI> startup_armcm3.o(RESET)
</UL>
<P><STRONG><a name="[13]"></a>Interrupt9_Handler</STRONG> (Thumb, 2 bytes, Stack size 0 bytes, startup_armcm3.o(.text))
<BR><BR>[Calls]<UL><LI><a href="#[13]">&gt;&gt;</a>&nbsp;&nbsp;&nbsp;Interrupt9_Handler
</UL>
<BR>[Called By]<UL><LI><a href="#[13]">&gt;&gt;</a>&nbsp;&nbsp;&nbsp;Interrupt9_Handler
</UL>
<BR>[Address Reference Count : 1]<UL><LI> startup_armcm3.o(RESET)
</UL>
<P><STRONG><a name="[14]"></a>SystemInit</STRONG> (Thumb, 14 bytes, Stack size 0 bytes, system_armcm3.o(i.SystemInit))
<BR>[Address Reference Count : 1]<UL><LI> startup_armcm3.o(.text)
</UL><P>
<H3>
Local Symbols
</H3>
<P><STRONG><a name="[9]"></a>SysTick_Handler</STRONG> (Thumb, 0 bytes, Stack size unknown bytes, startup_armcm3.o(.text))
<BR>[Address Reference Count : 1]<UL><LI> startup_armcm3.o(RESET)
</UL><P>
<H3>
Undefined Global Symbols
</H3><HR></body></html>
